// Jest Snapshot v1, https://goo.gl/fbAQLP

exports[`PokemonPage component Debe de hacer match con el snapshot cuando carga los pokemons 1`] = `
<div>
  <h1>¿Quién es este pokémon?</h1>
  <pokemon-picture-stub pokemonid="5" showpokemon="false"></pokemon-picture-stub>
  <pokemon-options-stub pokemons="[object Object],[object Object],[object Object],[object Object]"></pokemon-options-stub><!-- template para no dejar un div agrupador -->
  <!--v-if-->
</div>
`;

exports[`PokemonPage component Debe hacer match con el snapshot 1`] = `<h1>Espere por favor...</h1>`;
