// Jest Snapshot v1, https://goo.gl/fbAQLP

exports[`PokemonOptions component Debe hacer match con el snapshot 1`] = `
<div class="options-container">
  <ul>
    <li>
      <!-- emitir el id del pokemon con $emit. Parametros como nombre del evento y otro param no obligatorio, el primero si es obligatorio-->pikachu
    </li>
    <li>
      <!-- emitir el id del pokemon con $emit. Parametros como nombre del evento y otro param no obligatorio, el primero si es obligatorio-->charmander
    </li>
    <li>
      <!-- emitir el id del pokemon con $emit. Parametros como nombre del evento y otro param no obligatorio, el primero si es obligatorio-->venusaur
    </li>
    <li>
      <!-- emitir el id del pokemon con $emit. Parametros como nombre del evento y otro param no obligatorio, el primero si es obligatorio-->mew
    </li>
  </ul>
</div>
`;
